Parsing CSV...
Converting CSV with 263 lines
Detected delimiter: COMMA
CSV headers detected: 17 columns: id, distillery, name, price, abv_percent, volume_cl, filtration, appearance, description, tasting_nose, tasting_taste, tasting_finish, product_url, created_by_user_id, created_at, updated_at, product_image
Successfully converted 261 rows from CSV
Sample row: {
  "distillery": "ca1109f4-2499-410b-baa6-5946c178a089",
  "name": "Aberfeldy 12 Year Old Whisky",
  "price": "5.00",
  "abvPercent": "40.0",
  "volumeCl": "70.0",
  "filtration": null,
  "appearance": null,
  "description": null,
  "tastingNose": null,
  "tastingTaste": null,
  "tastingFinish": null,
  "productUrl": "https://shop.dewars.com/products/aberfeldy-12-whisky",
  "productImage": "https://images.unsplash.com/photo-1569529465841-dfecdab7503b?w=400&h=400&fit=crop"
}
Parsed 261 products.
Logging in...
User created.
Uploading products...
Upload Status: 500 Internal Server Error
Error Body: {"message":"Failed to import products"}
